This is XeTeX, Version 3.141592653-2.6-0.999996 (TeX Live 2024/MacPorts 2024.70613_0) (preloaded format=xelatex 2024.6.26)  6 JUN 2026 16:06
entering extended mode
 restricted \write18 enabled.
 %&-line parsing enabled.
**/OnePiece/docs/reports/catalysis_hub_master_report/catal
ysis_hub_master_report.tex

(/OnePiece/docs/reports/catalysis_hub_master_report/cataly
sis_hub_master_report.tex
LaTeX2e <2023-11-01> patch level 1
L3 programming layer <2024-02-20>
(/opt/local/share/texmf-texlive/tex/latex/base/article.cls
Document Class: article 2023/05/17 v1.4n Standard LaTeX document class
(/opt/local/share/texmf-texlive/tex/latex/base/size11.clo
File: size11.clo 2023/05/17 v1.4n Standard LaTeX file (size option)
)
\c@part=\count184
\c@section=\count185
\c@subsection=\count186
\c@subsubsection=\count187
\c@paragraph=\count188
\c@subparagraph=\count189
\c@figure=\count190
\c@table=\count191
\abovecaptionskip=\skip48
\belowcaptionskip=\skip49
\bibindent=\dimen140
)
(/opt/local/share/texmf-texlive/tex/latex/geometry/geometry.sty
Package: geometry 2020/01/02 v5.9 Page Geometry

(/opt/local/share/texmf-texlive/tex/latex/graphics/keyval.sty
Package: keyval 2022/05/29 v1.15 key=value parser (DPC)
\KV@toks@=\toks17
)
(/opt/local/share/texmf-texlive/tex/generic/iftex/ifvtex.sty
Package: ifvtex 2019/10/25 v1.7 ifvtex legacy package. Use iftex instead.

(/opt/local/share/texmf-texlive/tex/generic/iftex/iftex.sty
Package: iftex 2022/02/03 v1.0f TeX engine tests
))
\Gm@cnth=\count192
\Gm@cntv=\count193
\c@Gm@tempcnt=\count194
\Gm@bindingoffset=\dimen141
\Gm@wd@mp=\dimen142
\Gm@odd@mp=\dimen143
\Gm@even@mp=\dimen144
\Gm@layoutwidth=\dimen145
\Gm@layoutheight=\dimen146
\Gm@layouthoffset=\dimen147
\Gm@layoutvoffset=\dimen148
\Gm@dimlist=\toks18
)
(/opt/local/share/texmf-texlive/tex/latex/graphics/graphicx.sty
Package: graphicx 2021/09/16 v1.2d Enhanced LaTeX Graphics (DPC,SPQR)

(/opt/local/share/texmf-texlive/tex/latex/graphics/graphics.sty
Package: graphics 2022/03/10 v1.4e Standard LaTeX Graphics (DPC,SPQR)

(/opt/local/share/texmf-texlive/tex/latex/graphics/trig.sty
Package: trig 2021/08/11 v1.11 sin cos tan (DPC)
)
(/opt/local/share/texmf-texlive/tex/latex/graphics-cfg/graphics.cfg
File: graphics.cfg 2016/06/04 v1.11 sample graphics configuration
)
Package graphics Info: Driver file: xetex.def on input line 107.

(/opt/local/share/texmf-texlive/tex/latex/graphics-def/xetex.def
File: xetex.def 2022/09/22 v5.0n Graphics/color driver for xetex
))
\Gin@req@height=\dimen149
\Gin@req@width=\dimen150
)
(/opt/local/share/texmf-texlive/tex/latex/tools/array.sty
Package: array 2023/10/16 v2.5g Tabular extension package (FMi)
\col@sep=\dimen151
\ar@mcellbox=\box51
\extrarowheight=\dimen152
\NC@list=\toks19
\extratabsurround=\skip50
\backup@length=\skip51
\ar@cellbox=\box52
)
(/opt/local/share/texmf-texlive/tex/latex/tools/longtable.sty
Package: longtable 2023-11-01 v4.19 Multi-page Table package (DPC)
\LTleft=\skip52
\LTright=\skip53
\LTpre=\skip54
\LTpost=\skip55
\LTchunksize=\count195
\LTcapwidth=\dimen153
\LT@head=\box53
\LT@firsthead=\box54
\LT@foot=\box55
\LT@lastfoot=\box56
\LT@gbox=\box57
\LT@cols=\count196
\LT@rows=\count197
\c@LT@tables=\count198
\c@LT@chunks=\count199
\LT@p@ftn=\toks20
)
(/opt/local/share/texmf-texlive/tex/latex/booktabs/booktabs.sty
Package: booktabs 2020/01/12 v1.61803398 Publication quality tables
\heavyrulewidth=\dimen154
\lightrulewidth=\dimen155
\cmidrulewidth=\dimen156
\belowrulesep=\dimen157
\belowbottomsep=\dimen158
\aboverulesep=\dimen159
\abovetopsep=\dimen160
\cmidrulesep=\dimen161
\cmidrulekern=\dimen162
\defaultaddspace=\dimen163
\@cmidla=\count266
\@cmidlb=\count267
\@aboverulesep=\dimen164
\@belowrulesep=\dimen165
\@thisruleclass=\count268
\@lastruleclass=\count269
\@thisrulewidth=\dimen166
)
(/opt/local/share/texmf-texlive/tex/latex/fontspec/fontspec.sty
(/opt/local/share/texmf-texlive/tex/latex/l3packages/xparse/xparse.sty
(/opt/local/share/texmf-texlive/tex/latex/l3kernel/expl3.sty
Package: expl3 2024-02-20 L3 programming layer (loader) 

(/opt/local/share/texmf-texlive/tex/latex/l3backend/l3backend-xetex.def
File: l3backend-xetex.def 2024-02-20 L3 backend support: XeTeX
\g__graphics_track_int=\count270
\l__pdf_internal_box=\box58
\g__pdf_backend_object_int=\count271
\g__pdf_backend_annotation_int=\count272
\g__pdf_backend_link_int=\count273
))
Package: xparse 2024-02-18 L3 Experimental document command parser
)
Package: fontspec 2024/02/13 v2.9a Font selection for XeLaTeX and LuaLaTeX

(/opt/local/share/texmf-texlive/tex/latex/fontspec/fontspec-xetex.sty
Package: fontspec-xetex 2024/02/13 v2.9a Font selection for XeLaTeX and LuaLaTe
X
\l__fontspec_script_int=\count274
\l__fontspec_language_int=\count275
\l__fontspec_strnum_int=\count276
\l__fontspec_tmp_int=\count277
\l__fontspec_tmpa_int=\count278
\l__fontspec_tmpb_int=\count279
\l__fontspec_tmpc_int=\count280
\l__fontspec_em_int=\count281
\l__fontspec_emdef_int=\count282
\l__fontspec_strong_int=\count283
\l__fontspec_strongdef_int=\count284
\l__fontspec_tmpa_dim=\dimen167
\l__fontspec_tmpb_dim=\dimen168
\l__fontspec_tmpc_dim=\dimen169

(/opt/local/share/texmf-texlive/tex/latex/base/fontenc.sty
Package: fontenc 2021/04/29 v2.0v Standard LaTeX package
)
(/opt/local/share/texmf-texlive/tex/latex/fontspec/fontspec.cfg)))
(/opt/local/share/texmf-texlive/tex/latex/hyperref/hyperref.sty
Package: hyperref 2024-01-20 v7.01h Hypertext links for LaTeX

(/opt/local/share/texmf-texlive/tex/latex/kvsetkeys/kvsetkeys.sty
Package: kvsetkeys 2022-10-05 v1.19 Key value parser (HO)
)
(/opt/local/share/texmf-texlive/tex/generic/kvdefinekeys/kvdefinekeys.sty
Package: kvdefinekeys 2019-12-19 v1.6 Define keys (HO)
)
(/opt/local/share/texmf-texlive/tex/generic/pdfescape/pdfescape.sty
Package: pdfescape 2019/12/09 v1.15 Implements pdfTeX's escape features (HO)

(/opt/local/share/texmf-texlive/tex/generic/ltxcmds/ltxcmds.sty
Package: ltxcmds 2023-12-04 v1.26 LaTeX kernel commands for general use (HO)
)
(/opt/local/share/texmf-texlive/tex/generic/pdftexcmds/pdftexcmds.sty
Package: pdftexcmds 2020-06-27 v0.33 Utility functions of pdfTeX for LuaTeX (HO
)

(/opt/local/share/texmf-texlive/tex/generic/infwarerr/infwarerr.sty
Package: infwarerr 2019/12/03 v1.5 Providing info/warning/error messages (HO)
)
Package pdftexcmds Info: \pdf@primitive is available.
Package pdftexcmds Info: \pdf@ifprimitive is available.
Package pdftexcmds Info: \pdfdraftmode not found.
))
(/opt/local/share/texmf-texlive/tex/latex/hycolor/hycolor.sty
Package: hycolor 2020-01-27 v1.10 Color options for hyperref/bookmark (HO)
)
(/opt/local/share/texmf-texlive/tex/latex/auxhook/auxhook.sty
Package: auxhook 2019-12-17 v1.6 Hooks for auxiliary files (HO)
)
(/opt/local/share/texmf-texlive/tex/latex/hyperref/nameref.sty
Package: nameref 2023-11-26 v2.56 Cross-referencing by name of section

(/opt/local/share/texmf-texlive/tex/latex/refcount/refcount.sty
Package: refcount 2019/12/15 v3.6 Data extraction from label references (HO)
)
(/opt/local/share/texmf-texlive/tex/generic/gettitlestring/gettitlestring.sty
Package: gettitlestring 2019/12/15 v1.6 Cleanup title references (HO)

(/opt/local/share/texmf-texlive/tex/latex/kvoptions/kvoptions.sty
Package: kvoptions 2022-06-15 v3.15 Key value format for package options (HO)
))
\c@section@level=\count285
)
(/opt/local/share/texmf-texlive/tex/latex/etoolbox/etoolbox.sty
Package: etoolbox 2020/10/05 v2.5k e-TeX tools for LaTeX (JAW)
\etb@tempcnta=\count286
)
\@linkdim=\dimen170
\Hy@linkcounter=\count287
\Hy@pagecounter=\count288

(/opt/local/share/texmf-texlive/tex/latex/hyperref/pd1enc.def
File: pd1enc.def 2024-01-20 v7.01h Hyperref: PDFDocEncoding definition (HO)
)
(/opt/local/share/texmf-texlive/tex/generic/intcalc/intcalc.sty
Package: intcalc 2019/12/15 v1.3 Expandable calculations with integers (HO)
)
\Hy@SavedSpaceFactor=\count289

(/opt/local/share/texmf-texlive/tex/latex/hyperref/puenc.def
File: puenc.def 2024-01-20 v7.01h Hyperref: PDF Unicode definition (HO)
)
Package hyperref Info: Hyper figures OFF on input line 4179.
Package hyperref Info: Link nesting OFF on input line 4184.
Package hyperref Info: Hyper index ON on input line 4187.
Package hyperref Info: Plain pages OFF on input line 4194.
Package hyperref Info: Backreferencing OFF on input line 4199.
Package hyperref Info: Implicit mode ON; LaTeX internals redefined.
Package hyperref Info: Bookmarks ON on input line 4446.
\c@Hy@tempcnt=\count290

(/opt/local/share/texmf-texlive/tex/latex/url/url.sty
\Urlmuskip=\muskip16
Package: url 2013/09/16  ver 3.4  Verb mode for urls, etc.
)
LaTeX Info: Redefining \url on input line 4784.
\XeTeXLinkMargin=\dimen171

(/opt/local/share/texmf-texlive/tex/generic/bitset/bitset.sty
Package: bitset 2019/12/09 v1.3 Handle bit-vector datatype (HO)

(/opt/local/share/texmf-texlive/tex/generic/bigintcalc/bigintcalc.sty
Package: bigintcalc 2019/12/15 v1.5 Expandable calculations on big integers (HO
)
))
\Fld@menulength=\count291
\Field@Width=\dimen172
\Fld@charsize=\dimen173
Package hyperref Info: Hyper figures OFF on input line 6063.
Package hyperref Info: Link nesting OFF on input line 6068.
Package hyperref Info: Hyper index ON on input line 6071.
Package hyperref Info: backreferencing OFF on input line 6078.
Package hyperref Info: Link coloring OFF on input line 6083.
Package hyperref Info: Link coloring with OCG OFF on input line 6088.
Package hyperref Info: PDF/A mode OFF on input line 6093.

(/opt/local/share/texmf-texlive/tex/latex/base/atbegshi-ltx.sty
Package: atbegshi-ltx 2021/01/10 v1.0c Emulation of the original atbegshi
package with kernel methods
)
\Hy@abspage=\count292
\c@Item=\count293
\c@Hfootnote=\count294
)
Package hyperref Info: Driver (autodetected): hxetex.

(/opt/local/share/texmf-texlive/tex/latex/hyperref/hxetex.def
File: hxetex.def 2024-01-20 v7.01h Hyperref driver for XeTeX

(/opt/local/share/texmf-texlive/tex/generic/stringenc/stringenc.sty
Package: stringenc 2019/11/29 v1.12 Convert strings between diff. encodings (HO
)
)
\pdfm@box=\box59
\c@Hy@AnnotLevel=\count295
\HyField@AnnotCount=\count296
\Fld@listcount=\count297
\c@bookmark@seq@number=\count298

(/opt/local/share/texmf-texlive/tex/latex/rerunfilecheck/rerunfilecheck.sty
Package: rerunfilecheck 2022-07-10 v1.10 Rerun checks for auxiliary files (HO)

(/opt/local/share/texmf-texlive/tex/latex/base/atveryend-ltx.sty
Package: atveryend-ltx 2020/08/19 v1.0a Emulation of the original atveryend pac
kage
with kernel methods
)
(/opt/local/share/texmf-texlive/tex/generic/uniquecounter/uniquecounter.sty
Package: uniquecounter 2019/12/15 v1.4 Provide unlimited unique counter (HO)
)
Package uniquecounter Info: New unique counter `rerunfilecheck' on input line 2
85.
)
\Hy@SectionHShift=\skip56
)
(/opt/local/share/texmf-texlive/tex/latex/parskip/parskip.sty
Package: parskip 2021-03-14 v2.0h non-zero parskip adjustments
)
(/OnePiece/docs/reports/catalysis_hub_master_report/cataly
sis_hub_master_report.aux)
\openout1 = `catalysis_hub_master_report.aux'.

LaTeX Font Info:    Checking defaults for OML/cmm/m/it on input line 11.
LaTeX Font Info:    ... okay on input line 11.
LaTeX Font Info:    Checking defaults for OMS/cmsy/m/n on input line 11.
LaTeX Font Info:    ... okay on input line 11.
LaTeX Font Info:    Checking defaults for OT1/cmr/m/n on input line 11.
LaTeX Font Info:    ... okay on input line 11.
LaTeX Font Info:    Checking defaults for T1/cmr/m/n on input line 11.
LaTeX Font Info:    ... okay on input line 11.
LaTeX Font Info:    Checking defaults for TS1/cmr/m/n on input line 11.
LaTeX Font Info:    Trying to load font information for TS1+cmr on input line 1
1.

(/opt/local/share/texmf-texlive/tex/latex/base/ts1cmr.fd
File: ts1cmr.fd 2023/04/13 v2.5m Standard LaTeX font definitions
)
LaTeX Font Info:    ... okay on input line 11.
LaTeX Font Info:    Checking defaults for TU/lmr/m/n on input line 11.
LaTeX Font Info:    ... okay on input line 11.
LaTeX Font Info:    Checking defaults for OMX/cmex/m/n on input line 11.
LaTeX Font Info:    ... okay on input line 11.
LaTeX Font Info:    Checking defaults for U/cmr/m/n on input line 11.
LaTeX Font Info:    ... okay on input line 11.
LaTeX Font Info:    Checking defaults for PD1/pdf/m/n on input line 11.
LaTeX Font Info:    ... okay on input line 11.
LaTeX Font Info:    Checking defaults for PU/pdf/m/n on input line 11.
LaTeX Font Info:    ... okay on input line 11.

*geometry* driver: auto-detecting
*geometry* detected driver: xetex
*geometry* verbose mode - [ preamble ] result:
* driver: xetex
* paper: a4paper
* layout: <same size as paper>
* layoutoffset:(h,v)=(0.0pt,0.0pt)
* modes: 
* h-part:(L,W,R)=(62.59596pt, 472.31595pt, 62.59596pt)
* v-part:(T,H,B)=(62.59596pt, 719.85492pt, 62.59596pt)
* \paperwidth=597.50787pt
* \paperheight=845.04684pt
* \textwidth=472.31595pt
* \textheight=719.85492pt
* \oddsidemargin=-9.67403pt
* \evensidemargin=-9.67403pt
* \topmargin=-46.67403pt
* \headheight=12.0pt
* \headsep=25.0pt
* \topskip=11.0pt
* \footskip=30.0pt
* \marginparwidth=59.0pt
* \marginparsep=10.0pt
* \columnsep=10.0pt
* \skip\footins=10.0pt plus 4.0pt minus 2.0pt
* \hoffset=0.0pt
* \voffset=0.0pt
* \mag=1000
* \@twocolumnfalse
* \@twosidefalse
* \@mparswitchfalse
* \@reversemarginfalse
* (1in=72.27pt=25.4mm, 1cm=28.453pt)


Package fontspec Info: Adjusting the maths setup (use [no-math] to avoid
(fontspec)             this).

\symlegacymaths=\mathgroup4
LaTeX Font Info:    Overwriting symbol font `legacymaths' in version `bold'
(Font)                  OT1/cmr/m/n --> OT1/cmr/bx/n on input line 11.
LaTeX Font Info:    Redeclaring math accent \acute on input line 11.
LaTeX Font Info:    Redeclaring math accent \grave on input line 11.
LaTeX Font Info:    Redeclaring math accent \ddot on input line 11.
LaTeX Font Info:    Redeclaring math accent \tilde on input line 11.
LaTeX Font Info:    Redeclaring math accent \bar on input line 11.
LaTeX Font Info:    Redeclaring math accent \breve on input line 11.
LaTeX Font Info:    Redeclaring math accent \check on input line 11.
LaTeX Font Info:    Redeclaring math accent \hat on input line 11.
LaTeX Font Info:    Redeclaring math accent \dot on input line 11.
LaTeX Font Info:    Redeclaring math accent \mathring on input line 11.
LaTeX Font Info:    Redeclaring math symbol \colon on input line 11.
LaTeX Font Info:    Redeclaring math symbol \Gamma on input line 11.
LaTeX Font Info:    Redeclaring math symbol \Delta on input line 11.
LaTeX Font Info:    Redeclaring math symbol \Theta on input line 11.
LaTeX Font Info:    Redeclaring math symbol \Lambda on input line 11.
LaTeX Font Info:    Redeclaring math symbol \Xi on input line 11.
LaTeX Font Info:    Redeclaring math symbol \Pi on input line 11.
LaTeX Font Info:    Redeclaring math symbol \Sigma on input line 11.
LaTeX Font Info:    Redeclaring math symbol \Upsilon on input line 11.
LaTeX Font Info:    Redeclaring math symbol \Phi on input line 11.
LaTeX Font Info:    Redeclaring math symbol \Psi on input line 11.
LaTeX Font Info:    Redeclaring math symbol \Omega on input line 11.
LaTeX Font Info:    Redeclaring math symbol \mathdollar on input line 11.
LaTeX Font Info:    Redeclaring symbol font `operators' on input line 11.
LaTeX Font Info:    Encoding `OT1' has changed to `TU' for symbol font
(Font)              `operators' in the math version `normal' on input line 11.
LaTeX Font Info:    Overwriting symbol font `operators' in version `normal'
(Font)                  OT1/cmr/m/n --> TU/lmr/m/n on input line 11.
LaTeX Font Info:    Encoding `OT1' has changed to `TU' for symbol font
(Font)              `operators' in the math version `bold' on input line 11.
LaTeX Font Info:    Overwriting symbol font `operators' in version `bold'
(Font)                  OT1/cmr/bx/n --> TU/lmr/m/n on input line 11.
LaTeX Font Info:    Overwriting symbol font `operators' in version `normal'
(Font)                  TU/lmr/m/n --> TU/lmr/m/n on input line 11.
LaTeX Font Info:    Overwriting math alphabet `\mathit' in version `normal'
(Font)                  OT1/cmr/m/it --> TU/lmr/m/it on input line 11.
LaTeX Font Info:    Overwriting math alphabet `\mathbf' in version `normal'
(Font)                  OT1/cmr/bx/n --> TU/lmr/b/n on input line 11.
LaTeX Font Info:    Overwriting math alphabet `\mathsf' in version `normal'
(Font)                  OT1/cmss/m/n --> TU/lmss/m/n on input line 11.
LaTeX Font Info:    Overwriting math alphabet `\mathtt' in version `normal'
(Font)                  OT1/cmtt/m/n --> TU/lmtt/m/n on input line 11.
LaTeX Font Info:    Overwriting symbol font `operators' in version `bold'
(Font)                  TU/lmr/m/n --> TU/lmr/b/n on input line 11.
LaTeX Font Info:    Overwriting math alphabet `\mathit' in version `bold'
(Font)                  OT1/cmr/bx/it --> TU/lmr/b/it on input line 11.
LaTeX Font Info:    Overwriting math alphabet `\mathsf' in version `bold'
(Font)                  OT1/cmss/bx/n --> TU/lmss/b/n on input line 11.
LaTeX Font Info:    Overwriting math alphabet `\mathtt' in version `bold'
(Font)                  OT1/cmtt/m/n --> TU/lmtt/b/n on input line 11.
Package hyperref Info: Link coloring OFF on input line 11.

(/OnePiece/docs/reports/catalysis_hub_master_report/cataly
sis_hub_master_report.out)
(/OnePiece/docs/reports/catalysis_hub_master_report/cataly
sis_hub_master_report.out)
\@outlinefile=\write3
\openout3 = `catalysis_hub_master_report.out'.

LaTeX Font Info:    External font `cmex10' loaded for size
(Font)              <12> on input line 14.
LaTeX Font Info:    External font `cmex10' loaded for size
(Font)              <8> on input line 14.
LaTeX Font Info:    External font `cmex10' loaded for size
(Font)              <6> on input line 14.


LaTeX Warning: No \author given.


Overfull \hbox (522.00038pt too wide) in paragraph at lines 14--16
\TU/lmr/m/n/10.95 implementation details. \TU/lmr/bx/n/10.95 Source file analyz
ed: \TU/lmtt/m/n/10.95 /OnePiece/notebooks/catalysis_hub_t
utorial/notebooks/catalysis_hub_tutorial/outputs/catalysis_hub_co2_subset.hdf 
 []

[1

]
LaTeX Font Info:    External font `cmex10' loaded for size
(Font)              <7> on input line 50.
LaTeX Font Info:    External font `cmex10' loaded for size
(Font)              <5> on input line 50.

Underfull \hbox (badness 3068) in paragraph at lines 58--58
[]|\TU/lmr/m/n/10 surface compo-
 []


Underfull \hbox (badness 10000) in paragraph at lines 60--60
[]|\TU/lmr/m/n/10 publications
 []


Underfull \hbox (badness 4279) in paragraph at lines 62--62
\TU/lmr/m/n/10 view by cura-
 []


Underfull \hbox (badness 10000) in paragraph at lines 64--64
[]|\TU/lmr/m/n/10 directly re-
 []


Underfull \hbox (badness 10000) in paragraph at lines 64--64
\TU/lmr/m/n/10 constructable
 []

File: /OnePiece/docs/reports/catalysis_hub_master_report/a
ssets/figure_06_method_mix.png Graphic file (type bmp)
</OnePiece/docs/reports/catalysis_hub_master_report/assets
/figure_06_method_mix.png>

LaTeX Warning: `h' float specifier changed to `ht'.

File: /OnePiece/docs/reports/catalysis_hub_master_report/a
ssets/figure_01_equation_counts.png Graphic file (type bmp)
</OnePiece/docs/reports/catalysis_hub_master_report/assets
/figure_01_equation_counts.png>

LaTeX Warning: `h' float specifier changed to `ht'.

File: /OnePiece/docs/reports/catalysis_hub_master_report/a
ssets/figure_02_reaction_energy_heatmap.png Graphic file (type bmp)
</OnePiece/docs/reports/catalysis_hub_master_report/assets
/figure_02_reaction_energy_heatmap.png>
[2]

LaTeX Warning: `h' float specifier changed to `ht'.


Overfull \hbox (2.27159pt too wide) in paragraph at lines 98--99
[]\TU/lmr/bx/n/10.95 Oxide and defective oxide surfaces \TU/lmr/m/n/10.95 stabi
lize molecular CO2 adsorption much more strongly
 []


Overfull \hbox (40.59663pt too wide) in paragraph at lines 107--107
[]|\TU/lmr/m/n/10 mean_reaction_energy| 
 []


Overfull \hbox (33.93663pt too wide) in paragraph at lines 107--107
[]|\TU/lmr/m/n/10 min_reaction_energy| 
 []


Overfull \hbox (35.87663pt too wide) in paragraph at lines 107--107
[]|\TU/lmr/m/n/10 max_reaction_energy| 
 []


Underfull \hbox (badness 10000) in paragraph at lines 113--113
[]|\TU/lmr/m/n/10 single-
 []

File: /OnePiece/docs/reports/catalysis_hub_master_report/a
ssets/figure_03_co2_adsorption.png Graphic file (type bmp)
</OnePiece/docs/reports/catalysis_hub_master_report/assets
/figure_03_co2_adsorption.png>
[3]

LaTeX Warning: `h' float specifier changed to `ht'.


Overfull \hbox (14.8555pt too wide) in paragraph at lines 146--146
[]|\TU/lmr/m/n/10 surfaceComposition| 
 []


Overfull \hbox (20.94664pt too wide) in paragraph at lines 146--146
[]|\TU/lmr/m/n/10 adsorption_energy| 
 []


Overfull \hbox (4.63664pt too wide) in paragraph at lines 146--146
[]|\TU/lmr/m/n/10 reactionEnergy| 
 []


Overfull \hbox (12.78664pt too wide) in paragraph at lines 146--147
[]|\TU/lmr/m/n/10 publication_title| 
 []


Underfull \hbox (badness 10000) in paragraph at lines 148--148
[]|\TU/lmr/m/n/10 CeO2-rocksalt-
 []


Underfull \hbox (badness 10000) in paragraph at lines 148--149
[]|\TU/lmr/m/n/10 Selective
 []


Underfull \hbox (badness 10000) in paragraph at lines 148--149
\TU/lmr/m/n/10 high-
 []


Underfull \hbox (badness 10000) in paragraph at lines 148--149
\TU/lmr/m/n/10 temperature
 []


Underfull \hbox (badness 10000) in paragraph at lines 148--149
\TU/lmr/m/n/10 ysis enabled
 []


Underfull \hbox (badness 10000) in paragraph at lines 148--149
\TU/lmr/m/n/10 by oxidized
 []


Underfull \hbox (badness 2205) in paragraph at lines 148--149
\TU/lmr/m/n/10 carbon inter-
 []


Underfull \hbox (badness 10000) in paragraph at lines 150--150
[]|\TU/lmr/m/n/10 SmCeO2-
 []


Underfull \hbox (badness 10000) in paragraph at lines 150--150
\TU/lmr/m/n/10 rocksalt-
 []


Underfull \hbox (badness 10000) in paragraph at lines 150--151
[]|\TU/lmr/m/n/10 Selective
 []


Underfull \hbox (badness 10000) in paragraph at lines 150--151
\TU/lmr/m/n/10 high-
 []


Underfull \hbox (badness 10000) in paragraph at lines 150--151
\TU/lmr/m/n/10 temperature
 []


Underfull \hbox (badness 10000) in paragraph at lines 150--151
\TU/lmr/m/n/10 ysis enabled
 []


Underfull \hbox (badness 10000) in paragraph at lines 150--151
\TU/lmr/m/n/10 by oxidized
 []


Underfull \hbox (badness 2205) in paragraph at lines 150--151
\TU/lmr/m/n/10 carbon inter-
 []


Underfull \hbox (badness 10000) in paragraph at lines 152--152
[]|\TU/lmr/m/n/10 CeO2-rocksalt-
 []


Underfull \hbox (badness 10000) in paragraph at lines 152--153
[]|\TU/lmr/m/n/10 Selective
 []


Underfull \hbox (badness 10000) in paragraph at lines 152--153
\TU/lmr/m/n/10 high-
 []


Underfull \hbox (badness 10000) in paragraph at lines 152--153
\TU/lmr/m/n/10 temperature
 []


Underfull \hbox (badness 10000) in paragraph at lines 152--153
\TU/lmr/m/n/10 ysis enabled
 []


Underfull \hbox (badness 10000) in paragraph at lines 152--153
\TU/lmr/m/n/10 by oxidized
 []


Underfull \hbox (badness 2205) in paragraph at lines 152--153
\TU/lmr/m/n/10 carbon inter-
 []


Underfull \hbox (badness 10000) in paragraph at lines 154--154
[]|\TU/lmr/m/n/10 CeO2-rocksalt-
 []


Underfull \hbox (badness 10000) in paragraph at lines 154--155
[]|\TU/lmr/m/n/10 Selective
 []


Underfull \hbox (badness 10000) in paragraph at lines 154--155
\TU/lmr/m/n/10 high-
 []


Underfull \hbox (badness 10000) in paragraph at lines 154--155
\TU/lmr/m/n/10 temperature
 []


Underfull \hbox (badness 10000) in paragraph at lines 154--155
\TU/lmr/m/n/10 ysis enabled
 []


Underfull \hbox (badness 10000) in paragraph at lines 154--155
\TU/lmr/m/n/10 by oxidized
 []


Underfull \hbox (badness 2205) in paragraph at lines 154--155
\TU/lmr/m/n/10 carbon inter-
 []


Underfull \hbox (badness 10000) in paragraph at lines 156--156
[]|\TU/lmr/m/n/10 CeO2-rocksalt-
 []


Underfull \hbox (badness 10000) in paragraph at lines 156--157
[]|\TU/lmr/m/n/10 Selective
 []


Underfull \hbox (badness 10000) in paragraph at lines 156--157
\TU/lmr/m/n/10 high-
 []


Underfull \hbox (badness 10000) in paragraph at lines 156--157
\TU/lmr/m/n/10 temperature
 []


Underfull \hbox (badness 10000) in paragraph at lines 156--157
\TU/lmr/m/n/10 ysis enabled
 []


Underfull \hbox (badness 10000) in paragraph at lines 156--157
\TU/lmr/m/n/10 by oxidized
 []


Underfull \hbox (badness 2205) in paragraph at lines 156--157
\TU/lmr/m/n/10 carbon inter-
 []


Underfull \hbox (badness 10000) in paragraph at lines 158--158
[]|\TU/lmr/m/n/10 CeO2-rocksalt-
 []


Underfull \hbox (badness 10000) in paragraph at lines 158--159
[]|\TU/lmr/m/n/10 Selective
 []


Underfull \hbox (badness 10000) in paragraph at lines 158--159
\TU/lmr/m/n/10 high-
 []


Underfull \hbox (badness 10000) in paragraph at lines 158--159
\TU/lmr/m/n/10 temperature
 []


Underfull \hbox (badness 10000) in paragraph at lines 158--159
\TU/lmr/m/n/10 ysis enabled
 []


Underfull \hbox (badness 10000) in paragraph at lines 158--159
\TU/lmr/m/n/10 by oxidized
 []


Underfull \hbox (badness 2205) in paragraph at lines 158--159
\TU/lmr/m/n/10 carbon inter-
 []


Underfull \hbox (badness 10000) in paragraph at lines 160--161
[]|\TU/lmr/m/n/10 Selective
 []


Underfull \hbox (badness 10000) in paragraph at lines 160--161
\TU/lmr/m/n/10 high-
 []


Underfull \hbox (badness 10000) in paragraph at lines 160--161
\TU/lmr/m/n/10 temperature
 []


Underfull \hbox (badness 10000) in paragraph at lines 160--161
\TU/lmr/m/n/10 ysis enabled
 []


Underfull \hbox (badness 10000) in paragraph at lines 160--161
\TU/lmr/m/n/10 by oxidized
 []


Underfull \hbox (badness 2205) in paragraph at lines 160--161
\TU/lmr/m/n/10 carbon inter-
 []


Underfull \hbox (badness 10000) in paragraph at lines 162--163
[]|\TU/lmr/m/n/10 Selective
 []


Underfull \hbox (badness 10000) in paragraph at lines 162--163
\TU/lmr/m/n/10 high-
 []


Underfull \hbox (badness 10000) in paragraph at lines 162--163
\TU/lmr/m/n/10 temperature
 []


Underfull \hbox (badness 10000) in paragraph at lines 162--163
\TU/lmr/m/n/10 ysis enabled
 []


Underfull \hbox (badness 10000) in paragraph at lines 162--163
\TU/lmr/m/n/10 by oxidized
 []


Underfull \hbox (badness 2205) in paragraph at lines 162--163
\TU/lmr/m/n/10 carbon inter-
 []


Underfull \hbox (badness 10000) in paragraph at lines 164--165
[]|\TU/lmr/m/n/10 Selective
 []


Underfull \hbox (badness 10000) in paragraph at lines 164--165
\TU/lmr/m/n/10 high-
 []


Underfull \hbox (badness 10000) in paragraph at lines 164--165
\TU/lmr/m/n/10 temperature
 []


Underfull \hbox (badness 10000) in paragraph at lines 164--165
\TU/lmr/m/n/10 ysis enabled
 []


Underfull \hbox (badness 10000) in paragraph at lines 164--165
\TU/lmr/m/n/10 by oxidized
 []


Underfull \hbox (badness 2205) in paragraph at lines 164--165
\TU/lmr/m/n/10 carbon inter-
 []

[4] [5]
Overfull \vbox (488.0037pt too high) has occurred while \output is active []


[6]
File: /OnePiece/docs/reports/catalysis_hub_master_report/a
ssets/figure_04_hcoo_vs_cooh.png Graphic file (type bmp)
</OnePiece/docs/reports/catalysis_hub_master_report/assets
/figure_04_hcoo_vs_cooh.png>

Overfull \hbox (14.8555pt too wide) in paragraph at lines 188--188
[]|\TU/lmr/m/n/10 surfaceComposition| 
 []


Overfull \hbox (58.65663pt too wide) in paragraph at lines 188--189
[]|\TU/lmr/m/n/10 HCOO_minus_COOH_eV| 
 []

File: /OnePiece/docs/reports/catalysis_hub_master_report/a
ssets/figure_05_barriers.png Graphic file (type bmp)
</OnePiece/docs/reports/catalysis_hub_master_report/assets
/figure_05_barriers.png>

LaTeX Warning: `h' float specifier changed to `ht'.

[7]
Overfull \hbox (14.8555pt too wide) in paragraph at lines 227--227
[]|\TU/lmr/m/n/10 surfaceComposition| 
 []


Overfull \hbox (4.63664pt too wide) in paragraph at lines 227--227
[]|\TU/lmr/m/n/10 reactionEnergy| 
 []


Overfull \hbox (12.66664pt too wide) in paragraph at lines 227--227
[]|\TU/lmr/m/n/10 activationEnergy| 
 []


Overfull \hbox (12.78664pt too wide) in paragraph at lines 227--228
[]|\TU/lmr/m/n/10 publication_title| 
 []


Underfull \hbox (badness 10000) in paragraph at lines 229--229
[]|\TU/lmr/m/n/10 CO2(g) ->
 []


Underfull \hbox (badness 10000) in paragraph at lines 229--230
[]|\TU/lmr/m/n/10 Trends in
 []


Underfull \hbox (badness 10000) in paragraph at lines 229--230
\TU/lmr/m/n/10 CO oxida-
 []


Underfull \hbox (badness 10000) in paragraph at lines 229--230
\TU/lmr/m/n/10 tion rates
 []


Underfull \hbox (badness 10000) in paragraph at lines 229--230
\TU/lmr/m/n/10 for metal
 []


Underfull \hbox (badness 10000) in paragraph at lines 229--230
\TU/lmr/m/n/10 nanopar-
 []


Underfull \hbox (badness 10000) in paragraph at lines 229--230
\TU/lmr/m/n/10 ticles and
 []


Underfull \hbox (badness 10000) in paragraph at lines 229--230
\TU/lmr/m/n/10 close-packed,
 []


Underfull \hbox (badness 1845) in paragraph at lines 229--230
\TU/lmr/m/n/10 stepped, and
 []


Underfull \hbox (badness 10000) in paragraph at lines 229--230
\TU/lmr/m/n/10 kinked sur-
 []


Overfull \hbox (15.64664pt too wide) in paragraph at lines 231--232
[]|\TU/lmr/m/n/10 Thermochemistry
 []


Underfull \hbox (badness 10000) in paragraph at lines 231--232
\TU/lmr/m/n/10 and micro-
 []


Underfull \hbox (badness 10000) in paragraph at lines 231--232
\TU/lmr/m/n/10 kinetic
 []


Underfull \hbox (badness 10000) in paragraph at lines 231--232
\TU/lmr/m/n/10 analysis
 []


Underfull \hbox (badness 10000) in paragraph at lines 231--232
\TU/lmr/m/n/10 of methanol
 []


Underfull \hbox (badness 10000) in paragraph at lines 231--232
\TU/lmr/m/n/10 synthesis on
 []


Underfull \hbox (badness 10000) in paragraph at lines 233--233
[]|\TU/lmr/m/n/10 CO2(g) ->
 []


Underfull \hbox (badness 10000) in paragraph at lines 233--234
[]|\TU/lmr/m/n/10 Trends in
 []


Underfull \hbox (badness 10000) in paragraph at lines 233--234
\TU/lmr/m/n/10 CO oxida-
 []


Underfull \hbox (badness 10000) in paragraph at lines 233--234
\TU/lmr/m/n/10 tion rates
 []


Underfull \hbox (badness 10000) in paragraph at lines 233--234
\TU/lmr/m/n/10 for metal
 []


Underfull \hbox (badness 10000) in paragraph at lines 233--234
\TU/lmr/m/n/10 nanopar-
 []


Underfull \hbox (badness 10000) in paragraph at lines 233--234
\TU/lmr/m/n/10 ticles and
 []


Underfull \hbox (badness 10000) in paragraph at lines 233--234
\TU/lmr/m/n/10 close-packed,
 []


Underfull \hbox (badness 1845) in paragraph at lines 233--234
\TU/lmr/m/n/10 stepped, and
 []


Underfull \hbox (badness 10000) in paragraph at lines 233--234
\TU/lmr/m/n/10 kinked sur-
 []


Underfull \hbox (badness 10000) in paragraph at lines 235--235
[]|\TU/lmr/m/n/10 CO2(g) ->
 []


Underfull \hbox (badness 10000) in paragraph at lines 235--236
[]|\TU/lmr/m/n/10 Trends in
 []


Underfull \hbox (badness 6461) in paragraph at lines 235--236
\TU/lmr/m/n/10 the catalytic
 []


Underfull \hbox (badness 10000) in paragraph at lines 235--236
\TU/lmr/m/n/10 activity of
 []


Underfull \hbox (badness 10000) in paragraph at lines 237--237
[]|\TU/lmr/m/n/10 CO2(g) ->
 []


Underfull \hbox (badness 10000) in paragraph at lines 237--238
[]|\TU/lmr/m/n/10 Trends in
 []


Underfull \hbox (badness 10000) in paragraph at lines 237--238
\TU/lmr/m/n/10 CO oxida-
 []


Underfull \hbox (badness 10000) in paragraph at lines 237--238
\TU/lmr/m/n/10 tion rates
 []


Underfull \hbox (badness 10000) in paragraph at lines 237--238
\TU/lmr/m/n/10 for metal
 []


Underfull \hbox (badness 10000) in paragraph at lines 237--238
\TU/lmr/m/n/10 nanopar-
 []


Underfull \hbox (badness 10000) in paragraph at lines 237--238
\TU/lmr/m/n/10 ticles and
 []


Underfull \hbox (badness 10000) in paragraph at lines 237--238
\TU/lmr/m/n/10 close-packed,
 []


Underfull \hbox (badness 1845) in paragraph at lines 237--238
\TU/lmr/m/n/10 stepped, and
 []


Underfull \hbox (badness 10000) in paragraph at lines 237--238
\TU/lmr/m/n/10 kinked sur-
 []


Underfull \hbox (badness 10000) in paragraph at lines 239--239
[]|\TU/lmr/m/n/10 CO2(g) ->
 []


Underfull \hbox (badness 10000) in paragraph at lines 239--240
[]|\TU/lmr/m/n/10 Trends in
 []


Underfull \hbox (badness 6461) in paragraph at lines 239--240
\TU/lmr/m/n/10 the catalytic
 []


Underfull \hbox (badness 10000) in paragraph at lines 239--240
\TU/lmr/m/n/10 activity of
 []

[8]
Overfull \hbox (14.8555pt too wide) in paragraph at lines 251--251
[]|\TU/lmr/m/n/10 surfaceComposition| 
 []


Overfull \hbox (4.63664pt too wide) in paragraph at lines 251--251
[]|\TU/lmr/m/n/10 reactionEnergy| 
 []


Overfull \hbox (12.66664pt too wide) in paragraph at lines 251--252
[]|\TU/lmr/m/n/10 activationEnergy| 
 []


Underfull \hbox (badness 10000) in paragraph at lines 253--253
[]|\TU/lmr/m/n/10 CeO2-rocksalt-
 []


Underfull \hbox (badness 10000) in paragraph at lines 255--255
[]|\TU/lmr/m/n/10 SmCeO2-
 []


Underfull \hbox (badness 10000) in paragraph at lines 255--255
\TU/lmr/m/n/10 rocksalt-
 []


Underfull \hbox (badness 10000) in paragraph at lines 257--257
[]|\TU/lmr/m/n/10 CeO2-rocksalt-
 []


Underfull \hbox (badness 10000) in paragraph at lines 259--259
[]|\TU/lmr/m/n/10 CO2(g) ->
 []


Underfull \hbox (badness 10000) in paragraph at lines 261--261
[]|\TU/lmr/m/n/10 CeO2-rocksalt-
 []


Underfull \hbox (badness 10000) in paragraph at lines 263--263
[]|\TU/lmr/m/n/10 CO2(g) ->
 []


Underfull \hbox (badness 10000) in paragraph at lines 267--267
[]|\TU/lmr/m/n/10 CeO2-rocksalt-
 []


Underfull \hbox (badness 10000) in paragraph at lines 269--269
[]|\TU/lmr/m/n/10 CeO2-rocksalt-
 []


Underfull \hbox (badness 10000) in paragraph at lines 271--271
[]|\TU/lmr/m/n/10 CO2(g) +
 []

[9]
Overfull \hbox (14.8555pt too wide) in paragraph at lines 281--281
[]|\TU/lmr/m/n/10 surfaceComposition| 
 []


Overfull \hbox (4.63664pt too wide) in paragraph at lines 281--281
[]|\TU/lmr/m/n/10 reactionEnergy| 
 []


Overfull \hbox (12.66664pt too wide) in paragraph at lines 281--282
[]|\TU/lmr/m/n/10 activationEnergy| 
 []


Underfull \hbox (badness 10000) in paragraph at lines 283--283
[]|\TU/lmr/m/n/10 CeO2-rocksalt-
 []


Underfull \hbox (badness 10000) in paragraph at lines 283--283
[]|\TU/lmr/m/n/10 CO2(g) -
 []


Underfull \hbox (badness 10000) in paragraph at lines 285--285
[]|\TU/lmr/m/n/10 CO2(g) -
 []


Underfull \hbox (badness 10000) in paragraph at lines 287--287
[]|\TU/lmr/m/n/10 CeO2-rocksalt-
 []


Underfull \hbox (badness 10000) in paragraph at lines 287--287
[]|\TU/lmr/m/n/10 CO2(g) -
 []


Underfull \hbox (badness 10000) in paragraph at lines 289--289
[]|\TU/lmr/m/n/10 SmCeO2-
 []


Underfull \hbox (badness 10000) in paragraph at lines 289--289
\TU/lmr/m/n/10 rocksalt-
 []


Underfull \hbox (badness 10000) in paragraph at lines 289--289
[]|\TU/lmr/m/n/10 CO2(g) -
 []


Underfull \hbox (badness 10000) in paragraph at lines 291--291
[]|\TU/lmr/m/n/10 CeO2-rocksalt-
 []


Underfull \hbox (badness 10000) in paragraph at lines 291--291
[]|\TU/lmr/m/n/10 CO2(g) -
 []


Underfull \hbox (badness 10000) in paragraph at lines 293--293
[]|\TU/lmr/m/n/10 CO2(g) -
 []


Underfull \hbox (badness 10000) in paragraph at lines 295--295
[]|\TU/lmr/m/n/10 CeO2-rocksalt-
 []


Underfull \hbox (badness 10000) in paragraph at lines 295--295
[]|\TU/lmr/m/n/10 CO2(g) -
 []


Underfull \hbox (badness 10000) in paragraph at lines 297--297
[]|\TU/lmr/m/n/10 CO2(g) -
 []


Underfull \hbox (badness 10000) in paragraph at lines 299--299
[]|\TU/lmr/m/n/10 CO2(g) ->
 []


Underfull \hbox (badness 10000) in paragraph at lines 301--301
[]|\TU/lmr/m/n/10 CO2(g) -
 []

[10] [11] [12]
(/OnePiece/docs/reports/catalysis_hub_master_report/cataly
sis_hub_master_report.aux)
 ***********
LaTeX2e <2023-11-01> patch level 1
L3 programming layer <2024-02-20>
 ***********
Package rerunfilecheck Info: File `catalysis_hub_master_report.out' has not cha
nged.
(rerunfilecheck)             Checksum: ECCF2EF059BC2A0283B6C959C4465799;4763.
 ) 
Here is how much of TeX's memory you used:
 11364 strings out of 475980
 233757 string characters out of 5780864
 1943839 words of memory out of 5000000
 33338 multiletter control sequences out of 15000+600000
 561269 words of font info for 59 fonts, out of 8000000 for 9000
 430 hyphenation exceptions out of 8191
 79i,8n,93p,619b,416s stack positions out of 10000i,1000n,20000p,200000b,200000s

Output written on /OnePiece/docs/reports/catalysis_hub_mas
ter_report/catalysis_hub_master_report.pdf (12 pages).
